[e2e] generating the camera video for 9780441013593
[e2e] generating the front cover video for Dune
[e2e] catalogue stub on http://127.0.0.1:49641
[e2e] starting the app through Aspire (data in web/data/e2e/run-mt882j0e)
[e2e] dropped 1 database(s) from earlier runs
[e2e] web https://localhost:49686
[e2e] api http://localhost:49689
[e2e] db  postgres localhost:49684/bookscan_run_mt882j0e
[e2e] ready in 66s

[2mRunning [22m3[2m tests using [22m1[2m worker[22m

  [31mx[39m  [2m1 [22m[31m[chromium] › .features-gen\features\leaving-books-where-they-are.feature.spec.js:11:3 › Saying never mind to a move leaves every book exactly where it stands › The whole list, decided against, and not one book moved[39m[2m (10.3s)[22m
  [32mok[39m [2m2 [22m[chromium] › .features-gen\features\leaving-books-where-they-are.feature.spec.js:26:3 › Saying never mind to a move leaves every book exactly where it stands › A book already carried keeps the shelf it was carried to[2m (5.8s)[22m

<--- Last few GCs --->

[12836:000002BB10774000]      636 ms: Scavenge 13.4 (18.9) -> 10.9 (19.6) MB, pooled: 0 MB, 0.68 / 0.01 ms  (average mu = 1.000, current mu = 1.000) task; 
[12836:000002BB10774000]     8736 ms: Mark-Compact (reduce) 13.1 (19.6) -> 9.7 (12.3) MB, pooled: 0 MB, 3.38 / 0.02 ms  (+ 2.2 ms in 0 steps since start of marking, biggest step 0.0 ms, walltime since start of marking 6 ms) (average mu = 0.999, current mu

<--- JS stacktrace --->

FATAL ERROR: Committing semi space failed. Allocation failed - JavaScript heap out of memory
----- Native stack trace -----

 1: 00007FF70E8B20AD 
 2: 00007FF70E81A4D8 
 3: 00007FF70F39A1B1 
 4: 00007FF70F387096 
 5: 00007FF70F1D6920 
 6: 00007FF70F18F6C3 
 7: 00007FF70F1DFA1C 
 8: 00007FF70F1D02E9 
 9: 00007FF70F1CBCF5 
10: 00007FF70EB513BD 
  [31mx[39m  [2m3 [22m[31m[chromium] › .features-gen\features\leaving-books-where-they-are.feature.spec.js:41:3 › Saying never mind to a move leaves every book exactly where it stands › The decision can itself be taken back[39m[2m (0ms)[22m


[31m  1) [chromium] › .features-gen\features\leaving-books-where-they-are.feature.spec.js:11:3 › Saying never mind to a move leaves every book exactly where it stands › The whole list, decided against, and not one book moved [39m

    Error: browserContext.close: Target page, context or browser has been closed

[2m    Error Context: test-results\features-leaving-books-whe-919a5-inst-and-not-one-book-moved-chromium\error-context.md[22m

[2m    attachment #2: [1mtrace[2m (application/zip) [2m─────────────────────────────────────────────────────────[2m[22m
[2m    test-results\features-leaving-books-whe-919a5-inst-and-not-one-book-moved-chromium\trace.zip[22m
[2m    Usage:[22m

[2m        npx playwright show-trace test-results\features-leaving-books-whe-919a5-inst-and-not-one-book-moved-chromium\trace.zip[22m

[2m    [2m────────────────────────────────────────────────────────────────────────────────────────────────[2m[22m

[31m  2) [chromium] › .features-gen\features\leaving-books-where-they-are.feature.spec.js:41:3 › Saying never mind to a move leaves every book exactly where it stands › The decision can itself be taken back [39m

    Error: worker process exited unexpectedly (code=134, signal=null)

[31m  2 failed[39m
[31m    [chromium] › .features-gen\features\leaving-books-where-they-are.feature.spec.js:11:3 › Saying never mind to a move leaves every book exactly where it stands › The whole list, decided against, and not one book moved [39m
[31m    [chromium] › .features-gen\features\leaving-books-where-they-are.feature.spec.js:41:3 › Saying never mind to a move leaves every book exactly where it stands › The decision can itself be taken back [39m
[32m  1 passed[39m[2m (1.8m)[22m
